Build completed successfully (902 jobs).
